// Jest Snapshot v1, https://goo.gl/fbAQLP

exports[`should be correct output renders correctly 1`] = `
<mj-button
  background-color="#f45e43"
  color="white"
  font-family="Helvetica"
>
  Don't click me!
</mj-button>
`;
