// Jest Snapshot v1, https://goo.gl/fbAQLP

exports[`should be correct output renders correctly 1`] = `
<mj-carousel>
  <mj-carousel-image
    data-testid="first-element"
    src="https://www.mailjet.com/wp-content/uploads/2016/11/ecommerce-guide.jpg"
  />
  <mj-carousel-image
    data-testid="second-element"
    src="https://www.mailjet.com/wp-content/uploads/2016/09/3@1x.png"
  />
  <mj-carousel-image
    data-testid="third-element"
    src="https://www.mailjet.com/wp-content/uploads/2016/09/1@1x.png"
  />
</mj-carousel>
`;
