// Jest Snapshot v1, https://goo.gl/fbAQLP

exports[`should be correct output renders correctly 1`] = `
<mj-raw>
  &lt;!--[if IE]&gt;MSO conditionals&lt;![endif]--&gt;
</mj-raw>
`;
