// Jest Snapshot v1, https://goo.gl/fbAQLP

exports[`should be correct output renders correctly 1`] = `
<mj-divider
  border-color="red"
  border-style="solid"
  border-width="1px"
  width="500px"
/>
`;
