// Jest Snapshot v1, https://goo.gl/fbAQLP

exports[`should be correct output renders correctly 1`] = `
<mj-include
  css-inline="inline"
  path="./inline-styles.css"
  type="css"
/>
`;
