// Jest Snapshot v1, https://goo.gl/fbAQLP

exports[`should be correct output renders correctly 1`] = `
<mjml>
  <mj-body>
    <mj-section>
      <mj-column>
        <mj-text>
          My Email
        </mj-text>
      </mj-column>
    </mj-section>
  </mj-body>
</mjml>
`;
