// Jest Snapshot v1, https://goo.gl/fbAQLP

exports[`should be correct output renders correctly 1`] = `
<mj-image
  src="https://quickchart.io/qr?text=Awesome%20QR&size=200&dark=000000&light=%23ffffff&ecLevel=M&margin=4"
  width="200px"
/>
`;
