// Jest Snapshot v1, https://goo.gl/fbAQLP

exports[`should be correct output renders correctly 1`] = `
<mj-raw>
  <div
    className="sc-bdnxRM jIcTfj rating"
    size={36}
  >
    <a
      className="sc-gtsrHT hoCMnG"
      href="https://campaignmonitor.wufoo.com/forms/q1iszi41dp3po9/def/field=5"
      title="5"
    >
      ★
    </a>
    <a
      className="sc-gtsrHT hoCMnG"
      href="https://campaignmonitor.wufoo.com/forms/q1iszi41dp3po9/def/field=4"
      title="4"
    >
      ★
    </a>
    <a
      className="sc-gtsrHT hoCMnG"
      href="https://campaignmonitor.wufoo.com/forms/q1iszi41dp3po9/def/field=3"
      title="3"
    >
      ★
    </a>
    <a
      className="sc-gtsrHT hoCMnG"
      href="https://campaignmonitor.wufoo.com/forms/q1iszi41dp3po9/def/field=2"
      title="2"
    >
      ★
    </a>
    <a
      className="sc-gtsrHT hoCMnG"
      href="https://campaignmonitor.wufoo.com/forms/q1iszi41dp3po9/def/field=1"
      title="1"
    >
      ★
    </a>
  </div>
</mj-raw>
`;
