// Jest Snapshot v1, https://goo.gl/fbAQLP

exports[`should be correct output renders correctly 1`] = `
<mj-section
  background-color="#ffffff"
>
  <mj-column>
    <mj-text
      color="#ffffff"
      font-size="22px"
    >
      Hello FastMail
    </mj-text>
  </mj-column>
</mj-section>
`;
