// Jest Snapshot v1, https://goo.gl/fbAQLP

exports[`should be correct output renders correctly 1`] = `
<mj-social
  font-size="15px"
  icon-size="30px"
  mode="horizontal"
>
  <mj-social-element
    href="https://mjml.io/"
    name="facebook"
  >
    Facebook
  </mj-social-element>
  <mj-social-element
    href="https://mjml.io/"
    name="google"
  >
    Google
  </mj-social-element>
  <mj-social-element
    href="https://mjml.io/"
    name="twitter"
  >
    Twitter
  </mj-social-element>
</mj-social>
`;
