// Jest Snapshot v1, https://goo.gl/fbAQLP

exports[`should be correct output renders correctly 1`] = `
<mj-title>
  Hello Fastmail!
</mj-title>
`;
