// Jest Snapshot v1, https://goo.gl/fbAQLP

exports[`should be correct output renders correctly 1`] = `
<mj-style
  dangerouslySetInnerHTML={
    Object {
      "__html": "@media screen yahoo {@media screen yahoo { .blue-text div { color: blue !important; }}}",
    }
  }
/>
`;
